[INFO] Scanning for projects...
[INFO] 
[INFO] ----------------------< com.SortifyTeam:Sortify >-----------------------
[INFO] Building Sortify 0.0.1-SNAPSHOT
[INFO]   from pom.xml
[INFO] --------------------------------[ jar ]---------------------------------
[INFO] 
[INFO] >>> spring-boot:4.0.6:run (default-cli) > test-compile @ Sortify >>>
[INFO] 
[INFO] --- resources:3.3.1:resources (default-resources) @ Sortify ---
[INFO] Copying 1 resource from src\main\resources to target\classes
[INFO] Copying 34 resources from src\main\resources to target\classes
[INFO] 
[INFO] --- compiler:3.14.1:compile (default-compile) @ Sortify ---
[INFO] Nothing to compile - all classes are up to date.
[INFO] 
[INFO] --- resources:3.3.1:testResources (default-testResources) @ Sortify ---
[INFO] skip non existing resourceDirectory C:\Users\mahes\OneDrive\Documents\Tugas Kuliah\Semester 4\PBO\Praktikum\Tugas Besar Sortify\Sortify\src\test\resources
[INFO] 
[INFO] --- compiler:3.14.1:testCompile (default-testCompile) @ Sortify ---
[INFO] Nothing to compile - all classes are up to date.
[INFO] 
[INFO] <<< spring-boot:4.0.6:run (default-cli) < test-compile @ Sortify <<<
[INFO] 
[INFO] 
[INFO] --- spring-boot:4.0.6:run (default-cli) @ Sortify ---
[INFO] Attaching agents: []
Picked up JAVA_TOOL_OPTIONS: -Dstdout.encoding=UTF-8 -Dstderr.encoding=UTF-8

  .   ____          _            __ _ _
 /\\ / ___'_ __ _ _(_)_ __  __ _ \ \ \ \
( ( )\___ | '_ | '_| | '_ \/ _` | \ \ \ \
 \\/  ___)| |_)| | | | | || (_| |  ) ) ) )
  '  |____| .__|_| |_|_| |_\__, | / / / /
 =========|_|==============|___/=/_/_/_/

 :: Spring Boot ::                (v4.0.6)

2026-06-06T13:41:05.541+07:00  INFO 17292 --- [kelola-sampah] [           main] c.S.Sortify.SortifyApplication           : Starting SortifyApplication using Java 25.0.1 with PID 17292 (C:\Users\mahes\OneDrive\Documents\Tugas Kuliah\Semester 4\PBO\Praktikum\Tugas Besar Sortify\Sortify\target\classes started by Ardhan in C:\Users\mahes\OneDrive\Documents\Tugas Kuliah\Semester 4\PBO\Praktikum\Tugas Besar Sortify\Sortify)
2026-06-06T13:41:05.543+07:00  INFO 17292 --- [kelola-sampah] [           main] c.S.Sortify.SortifyApplication           : No active profile set, falling back to 1 default profile: "default"
2026-06-06T13:41:06.054+07:00  INFO 17292 --- [kelola-sampah] [           main] .s.d.r.c.RepositoryConfigurationDelegate : Bootstrapping Spring Data JPA repositories in DEFAULT mode.
2026-06-06T13:41:06.131+07:00  INFO 17292 --- [kelola-sampah] [           main] .s.d.r.c.RepositoryConfigurationDelegate : Finished Spring Data repository scanning in 60 ms. Found 15 JPA repository interfaces.
2026-06-06T13:41:06.567+07:00  INFO 17292 --- [kelola-sampah] [           main] o.s.boot.tomcat.TomcatWebServer          : Tomcat initialized with port 8081 (http)
2026-06-06T13:41:06.586+07:00  INFO 17292 --- [kelola-sampah] [           main] o.apache.catalina.core.StandardService   : Starting service [Tomcat]
2026-06-06T13:41:06.586+07:00  INFO 17292 --- [kelola-sampah] [           main] o.apache.catalina.core.StandardEngine    : Starting Servlet engine: [Apache Tomcat/11.0.21]
2026-06-06T13:41:06.622+07:00  INFO 17292 --- [kelola-sampah] [           main] b.w.c.s.WebApplicationContextInitializer : Root WebApplicationContext: initialization completed in 1045 ms
2026-06-06T13:41:06.742+07:00  INFO 17292 --- [kelola-sampah] [           main] org.hibernate.orm.jpa                    : HHH008540: Processing PersistenceUnitInfo [name: default]
2026-06-06T13:41:06.770+07:00  INFO 17292 --- [kelola-sampah] [           main] org.hibernate.orm.core                   : HHH000001: Hibernate ORM core version 7.2.12.Final
2026-06-06T13:41:07.049+07:00  INFO 17292 --- [kelola-sampah] [           main] o.s.o.j.p.SpringPersistenceUnitInfo      : No LoadTimeWeaver setup: ignoring JPA class transformer
2026-06-06T13:41:07.079+07:00  INFO 17292 --- [kelola-sampah] [           main] com.zaxxer.hikari.HikariDataSource       : HikariPool-1 - Starting...
2026-06-06T13:41:07.304+07:00  INFO 17292 --- [kelola-sampah] [           main] com.zaxxer.hikari.pool.HikariPool        : HikariPool-1 - Added connection com.mysql.cj.jdbc.ConnectionImpl@2ca1e49a
2026-06-06T13:41:07.316+07:00  INFO 17292 --- [kelola-sampah] [           main] com.zaxxer.hikari.HikariDataSource       : HikariPool-1 - Start completed.
2026-06-06T13:41:07.347+07:00  WARN 17292 --- [kelola-sampah] [           main] org.hibernate.orm.deprecation            : HHH90000025: MySQLDialect does not need to be specified explicitly using 'hibernate.dialect' (remove the property setting and it will be selected by default)
2026-06-06T13:41:07.358+07:00  INFO 17292 --- [kelola-sampah] [           main] org.hibernate.orm.connections.pooling    : HHH10001005: Database info:
	Database JDBC URL [jdbc:mysql://localhost:3306/kelola_sampah?createDatabaseIfNotExist=true&serverTimezone=UTC]
	Database driver: MySQL Connector/J
	Database dialect: MySQLDialect
	Database version: 8.0.41
	Default catalog/schema: kelola_sampah/undefined
	Autocommit mode: undefined/unknown
	Isolation level: REPEATABLE_READ [default REPEATABLE_READ]
	JDBC fetch size: none
	Pool: DataSourceConnectionProvider
	Minimum pool size: undefined/unknown
	Maximum pool size: undefined/unknown
2026-06-06T13:41:08.304+07:00  INFO 17292 --- [kelola-sampah] [           main] org.hibernate.orm.core                   : HHH000489: No JTA platform available (set 'hibernate.transaction.jta.platform' to enable JTA platform integration)
2026-06-06T13:41:08.484+07:00  INFO 17292 --- [kelola-sampah] [           main] j.LocalContainerEntityManagerFactoryBean : Initialized JPA EntityManagerFactory for persistence unit 'default'
2026-06-06T13:41:08.612+07:00  INFO 17292 --- [kelola-sampah] [           main] o.s.d.j.r.query.QueryEnhancerFactories   : Hibernate is in classpath; If applicable, HQL parser will be used.
2026-06-06T13:41:11.414+07:00  WARN 17292 --- [kelola-sampah] [           main] JpaBaseConfiguration$JpaWebConfiguration : spring.jpa.open-in-view is enabled by default. Therefore, database queries may be performed during view rendering. Explicitly configure spring.jpa.open-in-view to disable this warning
2026-06-06T13:41:11.621+07:00  INFO 17292 --- [kelola-sampah] [           main] r$InitializeUserDetailsManagerConfigurer : Global AuthenticationManager configured with UserDetailsService bean with name customUserDetailsService
2026-06-06T13:41:12.055+07:00  INFO 17292 --- [kelola-sampah] [           main] o.s.b.w.a.WelcomePageHandlerMapping      : Adding welcome page template: index
2026-06-06T13:41:12.921+07:00  INFO 17292 --- [kelola-sampah] [           main] o.s.boot.tomcat.TomcatWebServer          : Tomcat started on port 8081 (http) with context path '/'
2026-06-06T13:41:12.942+07:00  INFO 17292 --- [kelola-sampah] [           main] c.S.Sortify.SortifyApplication           : Started SortifyApplication in 7.678 seconds (process running for 7.943)
2026-06-06T13:41:13.605+07:00  INFO 17292 --- [kelola-sampah] [           main] c.S.Sortify.config.InitialDataLoader     : ===== PASSWORD UPDATED: username=admin, password=12345 =====
2026-06-06T13:41:13.944+07:00  INFO 17292 --- [kelola-sampah] [           main] c.S.Sortify.config.InitialDataLoader     : ===== PASSWORD UPDATED: username=adminku, password=12345 =====
2026-06-06T13:41:14.062+07:00  INFO 17292 --- [kelola-sampah] [           main] c.S.Sortify.config.InitialDataLoader     : ===== PASSWORD UPDATED: username=petugas, password=12345 =====
2026-06-06T13:41:14.302+07:00  INFO 17292 --- [kelola-sampah] [           main] c.S.Sortify.config.InitialDataLoader     : ===== PASSWORD UPDATED: username=petugas0, password=12345 =====
2026-06-06T13:41:14.637+07:00  INFO 17292 --- [kelola-sampah] [           main] c.S.Sortify.config.InitialDataLoader     : ===== PASSWORD UPDATED: username=warga, password=12345 =====
